<html>
<body>
<pre>
<h1>µVision Build Log</h1>
<h2>Tool Versions:</h2>
IDE-Version: ¦ÌVision V5.23.0.0
Copyright (C) 2017 ARM Ltd and ARM Germany GmbH. All rights reserved.
License Information: 0 Jz, 0, LIC=NQQQD-8TE33-VEDHA-1GPU5-Y5SII-CIT5B
 
Tool Versions:
Toolchain:       MDK-ARM Plus  Version: 5.23
Toolchain Path:  F:\keil_v5\ARM\ARMCC\Bin
C Compiler:      Armcc.exe V5.06 update 4 (build 422)
Assembler:       Armasm.exe V5.06 update 4 (build 422)
Linker/Locator:  ArmLink.exe V5.06 update 4 (build 422)
Library Manager: ArmAr.exe V5.06 update 4 (build 422)
Hex Converter:   FromElf.exe V5.06 update 4 (build 422)
CPU DLL:         SARMCM3.DLL V5.23
Dialog DLL:      DCM.DLL V1.15.0.0
Target DLL:      UL2CM3.DLL V1.159.7.0
Dialog DLL:      TCM.DLL V1.27.0.0
 
<h2>Project:</h2>
E:\RTTProject\RTTnano\rt-thread-3.1.3\bsp\stm32f103-ll-blink\Project.uvprojx
Project File Date:  12/03/2019

<h2>Output:</h2>
*** Using Compiler 'V5.06 update 4 (build 422)', folder: 'F:\keil_v5\ARM\ARMCC\Bin'
Build target 'stm32f103'
assembling startup_stm32f103xb.s...
compiling system_stm32f1xx.c...
compiling main.c...
compiling stm32f1xx_ll_gpio.c...
compiling stm32f1xx_ll_pwr.c...
compiling stm32f1xx_ll_exti.c...
compiling stm32f1xx_ll_usart.c...
compiling stm32f1xx_ll_dma.c...
assembling context_rvds.S...
compiling cpuport.c...
F:\keil_v5\ARM\PACK\RealThread\RT-Thread\3.1.3\libcpu\arm\cortex-m3\cpuport.c(294): warning:  #177-D: variable "context"  was declared but never referenced
      struct stack_frame* context = &exception_info->stack_frame;
F:\keil_v5\ARM\PACK\RealThread\RT-Thread\3.1.3\libcpu\arm\cortex-m3\cpuport.c: 1 warning, 0 errors
compiling clock.c...
compiling stm32f1xx_ll_rcc.c...
compiling idle.c...
compiling components.c...
compiling ipc.c...
F:\keil_v5\ARM\PACK\RealThread\RT-Thread\3.1.3\src\ipc.c(59): warning:  #177-D: function "rt_ipc_object_init"  was declared but never referenced
  rt_inline rt_err_t rt_ipc_object_init(struct rt_ipc_object *ipc)
F:\keil_v5\ARM\PACK\RealThread\RT-Thread\3.1.3\src\ipc.c(78): warning:  #177-D: function "rt_ipc_list_suspend"  was declared but never referenced
  rt_inline rt_err_t rt_ipc_list_suspend(rt_list_t        *list,
F:\keil_v5\ARM\PACK\RealThread\RT-Thread\3.1.3\src\ipc.c(132): warning:  #177-D: function "rt_ipc_list_resume"  was declared but never referenced
  rt_inline rt_err_t rt_ipc_list_resume(rt_list_t *list)
F:\keil_v5\ARM\PACK\RealThread\RT-Thread\3.1.3\src\ipc.c(155): warning:  #177-D: function "rt_ipc_list_resume_all"  was declared but never referenced
  rt_inline rt_err_t rt_ipc_list_resume_all(rt_list_t *list)
F:\keil_v5\ARM\PACK\RealThread\RT-Thread\3.1.3\src\ipc.c: 4 warnings, 0 errors
compiling stm32f1xx_ll_utils.c...
compiling mem.c...
compiling irq.c...
compiling kservice.c...
compiling object.c...
F:\keil_v5\ARM\PACK\RealThread\RT-Thread\3.1.3\src\object.c(262): warning:  #550-D: variable "obj"  was set but never used
          struct rt_object *obj;
F:\keil_v5\ARM\PACK\RealThread\RT-Thread\3.1.3\src\object.c: 1 warning, 0 errors
compiling scheduler.c...
compiling thread.c...
compiling timer.c...
compiling board.c...
linking...
Program Size: Code=3548 RO-data=592 RW-data=92 ZI-data=1204  
FromELF: creating hex file...
After Build - User command #1: fromelf --bin .\build\build.axf --output rtthread.bin
".\build\build.axf" - 0 Error(s), 6 Warning(s).

<h2>Software Packages used:</h2>

Package Vendor: RealThread
                https://www.rt-thread.org/download/mdk/RealThread.RT-Thread.3.1.3.pack
                RealThread.RT-Thread::RTOS:kernel:3.1.3
                RT-Thread Software Components
   * Component: kernel Version: 3.1.3

<h2>Collection of Component include folders:</h2>
  .\RTE\RTOS
  .\RTE\_stm32f103
  F:\keil_v5\ARM\PACK\Keil\STM32F1xx_DFP\1.0.5\Device\Include
  F:\keil_v5\ARM\PACK\RealThread\RT-Thread\3.1.3\include

<h2>Collection of Component Files used:</h2>

   * Component: RealThread.RT-Thread::RTOS:kernel:3.1.3
      Source file:   src\idle.c
      Source file:   src\ipc.c
      Source file:   src\kservice.c
      Source file:   src\object.c
      Source file:   src\scheduler.c
      Source file:   src\timer.c
      Include file:  bsp\rtconfig.h
      Source file:   src\clock.c
      Source file:   src\components.c
      Source file:   src\mem.c
      Source file:   libcpu\arm\cortex-m3\cpuport.c
      Source file:   libcpu\arm\cortex-m3\context_rvds.S
      Source file:   src\thread.c
      Source file:   src\irq.c
      Source file:   bsp\board.c
Build Time Elapsed:  00:00:18
</pre>
</body>
</html>
