<html>
<body>
<pre>
<h1>µVision Build Log</h1>
<h2>Tool Versions:</h2>
IDE-Version: ¦ÌVision V5.23.0.0
Copyright (C) 2017 ARM Ltd and ARM Germany GmbH. All rights reserved.
License Information: 0 Jz, 0, LIC=NQQQD-8TE33-VEDHA-1GPU5-Y5SII-CIT5B
 
Tool Versions:
Toolchain:       MDK-ARM Plus  Version: 5.23
Toolchain Path:  F:\keil_v5\ARM\ARMCC\Bin
C Compiler:      Armcc.exe V5.06 update 4 (build 422)
Assembler:       Armasm.exe V5.06 update 4 (build 422)
Linker/Locator:  ArmLink.exe V5.06 update 4 (build 422)
Library Manager: ArmAr.exe V5.06 update 4 (build 422)
Hex Converter:   FromElf.exe V5.06 update 4 (build 422)
CPU DLL:         SARMCM3.DLL V5.23
Dialog DLL:      DCM.DLL V1.15.0.0
Target DLL:      UL2CM3.DLL V1.159.7.0
Dialog DLL:      TCM.DLL V1.27.0.0
 
<h2>Project:</h2>
E:\RTTProject\RTTnano\rt-thread-3.1.3\bsp\stm32f103-msh\Project.uvprojx
Project File Date:  12/03/2019

<h2>Output:</h2>
*** Using Compiler 'V5.06 update 4 (build 422)', folder: 'F:\keil_v5\ARM\ARMCC\Bin'
Build target 'stm32f103-led'
assembling startup_stm32f103xb.s...
compiling stm32f1xx_hal_gpio_ex.c...
compiling stm32f1xx_hal_tim.c...
compiling main.c...
compiling stm32f1xx_hal_tim_ex.c...
compiling stm32f1xx_hal.c...
compiling stm32f1xx_hal_uart.c...
compiling stm32f1xx_hal_rcc.c...
compiling stm32f1xx_hal_rcc_ex.c...
compiling stm32f1xx_hal_gpio.c...
compiling stm32f1xx_hal_dma.c...
compiling stm32f1xx_hal_pwr.c...
compiling stm32f1xx_hal_cortex.c...
compiling stm32f1xx_hal_flash.c...
compiling stm32f1xx_hal_exti.c...
compiling stm32f1xx_hal_flash_ex.c...
compiling cmd.c...
compiling msh.c...
assembling context_rvds.S...
compiling shell.c...
compiling cpuport.c...
compiling clock.c...
compiling idle.c...
compiling system_stm32f1xx.c...
compiling components.c...
compiling irq.c...
compiling mem.c...
compiling ipc.c...
compiling kservice.c...
compiling scheduler.c...
compiling object.c...
F:\keil_v5\ARM\PACK\RealThread\RT-Thread\3.1.3\src\object.c(262): warning:  #550-D: variable "obj"  was set but never used
          struct rt_object *obj;
F:\keil_v5\ARM\PACK\RealThread\RT-Thread\3.1.3\src\object.c: 1 warning, 0 errors
compiling thread.c...
compiling timer.c...
compiling board.c...
linking...
Program Size: Code=10814 RO-data=954 RW-data=160 ZI-data=3304  
FromELF: creating hex file...
".\build\stm32f103-msh.axf" - 0 Error(s), 1 Warning(s).

<h2>Software Packages used:</h2>

Package Vendor: ARM
                http://www.keil.com/pack/ARM.CMSIS.5.0.1.pack
                ARM::CMSIS:CORE:5.0.1
                CMSIS (Cortex Microcontroller Software Interface Standard)
   * Component: CORE Version: 5.0.1

Package Vendor: RealThread
                https://www.rt-thread.org/download/mdk/RealThread.RT-Thread.3.1.3.pack
                RealThread.RT-Thread::RTOS:kernel:3.1.3
                RT-Thread Software Components
   * Component: kernel Version: 3.1.3
   * Component: shell Version: 3.1.3

<h2>Collection of Component include folders:</h2>
  .\RTE\RTOS
  .\RTE\_stm32f103-led
  F:\keil_v5\ARM\PACK\ARM\CMSIS\5.0.1\CMSIS\Include
  F:\keil_v5\ARM\PACK\Keil\STM32F1xx_DFP\1.0.5\Device\Include
  F:\keil_v5\ARM\PACK\RealThread\RT-Thread\3.1.3\components\finsh
  F:\keil_v5\ARM\PACK\RealThread\RT-Thread\3.1.3\include

<h2>Collection of Component Files used:</h2>

   * Component: ARM::CMSIS:CORE:5.0.1

   * Component: RealThread.RT-Thread::RTOS:kernel:3.1.3
      Source file:   src\idle.c
      Source file:   src\mem.c
      Source file:   src\ipc.c
      Include file:  bsp\rtconfig.h
      Source file:   src\clock.c
      Source file:   src\components.c
      Source file:   src\kservice.c
      Source file:   src\object.c
      Source file:   src\scheduler.c
      Source file:   src\thread.c
      Source file:   src\timer.c
      Source file:   libcpu\arm\cortex-m3\cpuport.c
      Source file:   bsp\board.c
      Source file:   libcpu\arm\cortex-m3\context_rvds.S
      Source file:   src\irq.c

   * Component: RealThread.RT-Thread::RTOS:shell:3.1.3
      Source file:   components\finsh\cmd.c
      Source file:   components\finsh\shell.c
      Source file:   components\finsh\msh.c
Build Time Elapsed:  00:00:26
</pre>
</body>
</html>
